
> temp-travio@0.1.0 build
> next build

Ôû▓ Next.js 16.2.2 (Turbopack)
- Environments: .env.local

  Creating an optimized production build ...
node.exe : 
At line:1 char:1
+ & "C:\Program Files\nodejs/node.exe" "C:\Program 
Files\nodejs/node_mo ...
+ ~~~~~~~~~~~~~~~~~~~~~~~~~~~~~~~~~~~~~~~~~~~~~~~~~~~~
~~~~~~~~~~~~~~~~~
    + CategoryInfo          : NotSpecified: (:String) 
    [], RemoteException
    + FullyQualifiedErrorId : NativeCommandError
 
> Build error occurred
Error: Turbopack build failed with 20 errors:
./src/components/ui/accordion.tsx:2:1
Module not found: Can't resolve 
'@radix-ui/react-accordion'
  [90m1 |[0m [36mimport[0m * [36mas[0m 
[33mReact[0m [36mfrom[0m [32m"react"[0m;
[31m[1m>[0m [90m2 |[0m [36mimport[0m * 
[36mas[0m [33mAccordionPrimitive[0m [36mfrom[0m 
[32m"@radix-ui/react-accordion"[0m;
  [90m  |[0m [31m[1m^^^^^^^^^^^^^^^^^^^^^^^^^^^^^^
^^^^^^^^^^^^^^^^^^^^^^^^^^^^^^^^^^[0m
  [90m3 |[0m [36mimport[0m { [33mChevronDown[0m 
} [36mfrom[0m [32m"lucide-react"[0m;
  [90m4 |[0m
  [90m5 |[0m [36mimport[0m { cn } [36mfrom[0m 
[32m"@/lib/utils"[0m;



Import traces:
  Client Component Browser:
    ./src/components/ui/accordion.tsx [Client 
Component Browser]
    ./src/app/products/page.tsx [Client Component 
Browser]
    ./src/app/products/page.tsx [Server Component]

  Client Component SSR:
    ./src/components/ui/accordion.tsx [Client 
Component SSR]
    ./src/app/products/page.tsx [Client Component SSR]
    ./src/app/products/page.tsx [Server Component]

https://nextjs.org/docs/messages/module-not-found


./src/components/ui/dropdown-menu.tsx:2:1
Module not found: Can't resolve 
'@radix-ui/react-dropdown-menu'
  [90m1 |[0m [36mimport[0m * [36mas[0m 
[33mReact[0m [36mfrom[0m [32m"react"[0m;
[31m[1m>[0m [90m2 |[0m [36mimport[0m * 
[36mas[0m [33mDropdownMenuPrimitive[0m 
[36mfrom[0m 
[32m"@radix-ui/react-dropdown-menu"[0m;
  [90m  |[0m [31m[1m^^^^^^^^^^^^^^^^^^^^^^^^^^^^^^
^^^^^^^^^^^^^^^^^^^^^^^^^^^^^^^^^^^^^^^^^[0m
  [90m3 |[0m [36mimport[0m { [33mCheck[0m, 
[33mChevronRight[0m, [33mCircle[0m } 
[36mfrom[0m [32m"lucide-react"[0m;
  [90m4 |[0m
  [90m5 |[0m [36mimport[0m { cn } [36mfrom[0m 
[32m"@/lib/utils"[0m;



Import traces:
  Client Component Browser:
    ./src/components/ui/dropdown-menu.tsx [Client 
Component Browser]
    ./src/app/admin/team/page.tsx [Client Component 
Browser]
    ./src/app/admin/team/page.tsx [Server Component]

  Client Component SSR:
    ./src/components/ui/dropdown-menu.tsx [Client 
Component SSR]
    ./src/app/admin/team/page.tsx [Client Component 
SSR]
    ./src/app/admin/team/page.tsx [Server Component]

https://nextjs.org/docs/messages/module-not-found


./src/components/ui/label.tsx:2:1
Module not found: Can't resolve 
'@radix-ui/react-label'
  [90m1 |[0m [36mimport[0m * [36mas[0m 
[33mReact[0m [36mfrom[0m [32m"react"[0m;
[31m[1m>[0m [90m2 |[0m [36mimport[0m * 
[36mas[0m [33mLabelPrimitive[0m [36mfrom[0m 
[32m"@radix-ui/react-label"[0m;
  [90m  |[0m [31m[1m^^^^^^^^^^^^^^^^^^^^^^^^^^^^^^
^^^^^^^^^^^^^^^^^^^^^^^^^^[0m
  [90m3 |[0m [36mimport[0m { cva, [36mtype[0m 
[33mVariantProps[0m } [36mfrom[0m 
[32m"class-variance-authority"[0m;
  [90m4 |[0m
  [90m5 |[0m [36mimport[0m { cn } [36mfrom[0m 
[32m"@/lib/utils"[0m;



Import traces:
  Client Component Browser:
    ./src/components/ui/label.tsx [Client Component 
Browser]
    ./src/app/admin/bookings/page.tsx [Client 
Component Browser]
    ./src/app/admin/bookings/page.tsx [Server 
Component]

  Client Component SSR:
    ./src/components/ui/label.tsx [Client Component 
SSR]
    ./src/app/admin/bookings/page.tsx [Client 
Component SSR]
    ./src/app/admin/bookings/page.tsx [Server 
Component]

https://nextjs.org/docs/messages/module-not-found


./src/components/ui/popover.tsx:2:1
Module not found: Can't resolve 
'@radix-ui/react-popover'
  [90m1 |[0m [36mimport[0m * [36mas[0m 
[33mReact[0m [36mfrom[0m [32m"react"[0m;
[31m[1m>[0m [90m2 |[0m [36mimport[0m * 
[36mas[0m [33mPopoverPrimitive[0m [36mfrom[0m 
[32m"@radix-ui/react-popover"[0m;
  [90m  |[0m [31m[1m^^^^^^^^^^^^^^^^^^^^^^^^^^^^^^
^^^^^^^^^^^^^^^^^^^^^^^^^^^^^^[0m
  [90m3 |[0m
  [90m4 |[0m [36mimport[0m { cn } [36mfrom[0m 
[32m"@/lib/utils"[0m;
  [90m5 |[0m



Import traces:
  Client Component Browser:
    ./src/components/ui/popover.tsx [Client Component 
Browser]
    ./src/components/checkout/FittingBookingForm.tsx 
[Client Component Browser]
    ./src/app/checkout/page.tsx [Client Component 
Browser]
    ./src/app/checkout/page.tsx [Server Component]

  Client Component SSR:
    ./src/components/ui/popover.tsx [Client Component 
SSR]
    ./src/components/checkout/FittingBookingForm.tsx 
[Client Component SSR]
    ./src/app/checkout/page.tsx [Client Component SSR]
    ./src/app/checkout/page.tsx [Server Component]

https://nextjs.org/docs/messages/module-not-found


./src/components/ui/progress.tsx:2:1
Module not found: Can't resolve 
'@radix-ui/react-progress'
  [90m1 |[0m [36mimport[0m * [36mas[0m 
[33mReact[0m [36mfrom[0m [32m"react"[0m;
[31m[1m>[0m [90m2 |[0m [36mimport[0m * 
[36mas[0m [33mProgressPrimitive[0m [36mfrom[0m 
[32m"@radix-ui/react-progress"[0m;
  [90m  |[0m [31m[1m^^^^^^^^^^^^^^^^^^^^^^^^^^^^^^
^^^^^^^^^^^^^^^^^^^^^^^^^^^^^^^^[0m
  [90m3 |[0m
  [90m4 |[0m [36mimport[0m { cn } [36mfrom[0m 
[32m"@/lib/utils"[0m;
  [90m5 |[0m



Import traces:
  Client Component Browser:
    ./src/components/ui/progress.tsx [Client 
Component Browser]
    ./src/components/store/ProductReviews.tsx [Client 
Component Browser]
    ./src/app/products/[slug]/page.tsx [Client 
Component Browser]
    ./src/app/products/[slug]/page.tsx [Server 
Component]

  Client Component SSR:
    ./src/components/ui/progress.tsx [Client 
Component SSR]
    ./src/components/store/ProductReviews.tsx [Client 
Component SSR]
    ./src/app/products/[slug]/page.tsx [Client 
Component SSR]
    ./src/app/products/[slug]/page.tsx [Server 
Component]

https://nextjs.org/docs/messages/module-not-found


./src/components/ui/select.tsx:2:1
Module not found: Can't resolve 
'@radix-ui/react-select'
  [90m1 |[0m [36mimport[0m * [36mas[0m 
[33mReact[0m [36mfrom[0m [32m"react"[0m;
[31m[1m>[0m [90m2 |[0m [36mimport[0m * 
[36mas[0m [33mSelectPrimitive[0m [36mfrom[0m 
[32m"@radix-ui/react-select"[0m;
  [90m  |[0m [31m[1m^^^^^^^^^^^^^^^^^^^^^^^^^^^^^^
^^^^^^^^^^^^^^^^^^^^^^^^^^^^[0m
  [90m3 |[0m [36mimport[0m { [33mCheck[0m, 
[33mChevronDown[0m, [33mChevronUp[0m } 
[36mfrom[0m [32m"lucide-react"[0m;
  [90m4 |[0m
  [90m5 |[0m [36mimport[0m { cn } [36mfrom[0m 
[32m"@/lib/utils"[0m;



Import traces:
  Client Component Browser:
    ./src/components/ui/select.tsx [Client Component 
Browser]
    ./src/app/admin/enquiries/page.tsx [Client 
Component Browser]
    ./src/app/admin/enquiries/page.tsx [Server 
Component]

  Client Component SSR:
    ./src/components/ui/select.tsx [Client Component 
SSR]
    ./src/app/admin/enquiries/page.tsx [Client 
Component SSR]
    ./src/app/admin/enquiries/page.tsx [Server 
Component]

https://nextjs.org/docs/messages/module-not-found


./src/components/ui/slider.tsx:2:1
Module not found: Can't resolve 
'@radix-ui/react-slider'
  [90m1 |[0m [36mimport[0m * [36mas[0m 
[33mReact[0m [36mfrom[0m [32m"react"[0m;
[31m[1m>[0m [90m2 |[0m [36mimport[0m * 
[36mas[0m [33mSliderPrimitive[0m [36mfrom[0m 
[32m"@radix-ui/react-slider"[0m;
  [90m  |[0m [31m[1m^^^^^^^^^^^^^^^^^^^^^^^^^^^^^^
^^^^^^^^^^^^^^^^^^^^^^^^^^^^[0m
  [90m3 |[0m
  [90m4 |[0m [36mimport[0m { cn } [36mfrom[0m 
[32m"@/lib/utils"[0m;
  [90m5 |[0m



Import traces:
  Client Component Browser:
    ./src/components/ui/slider.tsx [Client Component 
Browser]
    ./src/components/fleet/ROICalculator.tsx [Client 
Component Browser]
    ./src/app/fleet/page.tsx [Client Component 
Browser]
    ./src/app/fleet/page.tsx [Server Component]

  Client Component SSR:
    ./src/components/ui/slider.tsx [Client Component 
SSR]
    ./src/components/fleet/ROICalculator.tsx [Client 
Component SSR]
    ./src/app/fleet/page.tsx [Client Component SSR]
    ./src/app/fleet/page.tsx [Server Component]

https://nextjs.org/docs/messages/module-not-found


./src/components/ui/switch.tsx:2:1
Module not found: Can't resolve 
'@radix-ui/react-switch'
  [90m1 |[0m [36mimport[0m * [36mas[0m 
[33mReact[0m [36mfrom[0m [32m"react"[0m;
[31m[1m>[0m [90m2 |[0m [36mimport[0m * 
[36mas[0m [33mSwitchPrimitives[0m [36mfrom[0m 
[32m"@radix-ui/react-switch"[0m;
  [90m  |[0m [31m[1m^^^^^^^^^^^^^^^^^^^^^^^^^^^^^^
^^^^^^^^^^^^^^^^^^^^^^^^^^^^^[0m
  [90m3 |[0m
  [90m4 |[0m [36mimport[0m { cn } [36mfrom[0m 
[32m"@/lib/utils"[0m;
  [90m5 |[0m



Import traces:
  Client Component Browser:
    ./src/components/ui/switch.tsx [Client Component 
Browser]
    ./src/app/admin/team/page.tsx [Client Component 
Browser]
    ./src/app/admin/team/page.tsx [Server Component]

  Client Component SSR:
    ./src/components/ui/switch.tsx [Client Component 
SSR]
    ./src/app/admin/team/page.tsx [Client Component 
SSR]
    ./src/app/admin/team/page.tsx [Server Component]

https://nextjs.org/docs/messages/module-not-found


./src/components/ui/tabs.tsx:2:1
Module not found: Can't resolve '@radix-ui/react-tabs'
  [90m1 |[0m [36mimport[0m * [36mas[0m 
[33mReact[0m [36mfrom[0m [32m"react"[0m;
[31m[1m>[0m [90m2 |[0m [36mimport[0m * 
[36mas[0m [33mTabsPrimitive[0m [36mfrom[0m 
[32m"@radix-ui/react-tabs"[0m;
  [90m  |[0m [31m[1m^^^^^^^^^^^^^^^^^^^^^^^^^^^^^^
^^^^^^^^^^^^^^^^^^^^^^^^[0m
  [90m3 |[0m
  [90m4 |[0m [36mimport[0m { cn } [36mfrom[0m 
[32m"@/lib/utils"[0m;
  [90m5 |[0m



Import traces:
  Client Component Browser:
    ./src/components/ui/tabs.tsx [Client Component 
Browser]
    ./src/app/products/[slug]/page.tsx [Client 
Component Browser]
    ./src/app/products/[slug]/page.tsx [Server 
Component]

  Client Component SSR:
    ./src/components/ui/tabs.tsx [Client Component 
SSR]
    ./src/app/products/[slug]/page.tsx [Client 
Component SSR]
    ./src/app/products/[slug]/page.tsx [Server 
Component]

https://nextjs.org/docs/messages/module-not-found


./src/components/ui/calendar.tsx:3:1
Module not found: Can't resolve 'react-day-picker'
  [90m1 |[0m [36mimport[0m * [36mas[0m 
[33mReact[0m [36mfrom[0m [32m"react"[0m;
  [90m2 |[0m [36mimport[0m { 
[33mChevronLeft[0m, [33mChevronRight[0m } 
[36mfrom[0m [32m"lucide-react"[0m;
[31m[1m>[0m [90m3 |[0m [36mimport[0m { 
[33mDayPicker[0m } [36mfrom[0m 
[32m"react-day-picker"[0m;
  [90m  |[0m [31m[1m^^^^^^^^^^^^^^^^^^^^^^^^^^^^^^
^^^^^^^^^^^^^^^[0m
  [90m4 |[0m
  [90m5 |[0m [36mimport[0m { cn } [36mfrom[0m 
[32m"@/lib/utils"[0m;
  [90m6 |[0m [36mimport[0m { buttonVariants } 
[36mfrom[0m [32m"@/components/ui/button"[0m;



Import traces:
  Client Component Browser:
    ./src/components/ui/calendar.tsx [Client 
Component Browser]
    ./src/components/checkout/FittingBookingForm.tsx 
[Client Component Browser]
    ./src/app/checkout/page.tsx [Client Component 
Browser]
    ./src/app/checkout/page.tsx [Server Component]

  Client Component SSR:
    ./src/components/ui/calendar.tsx [Client 
Component SSR]
    ./src/components/checkout/FittingBookingForm.tsx 
[Client Component SSR]
    ./src/app/checkout/page.tsx [Client Component SSR]
    ./src/app/checkout/page.tsx [Server Component]

https://nextjs.org/docs/messages/module-not-found


./src/components/admin/marketing/ContentGenerator.tsx:
5:1
Export Facebook doesn't exist in target module
  [90m 3 |[0m [36mimport[0m { useState } 
[36mfrom[0m [32m"react"[0m;
  [90m 4 |[0m [36mimport[0m { motion } 
[36mfrom[0m [32m"framer-motion"[0m;
[31m[1m>[0m [90m 5 |[0m [36mimport[0m { 
  [90m   |[0m [31m[1m^^^^^^^^[0m
[31m[1m>[0m [90m 6 |[0m   [33mLightbulb[0m, 
  [90m   |[0m [31m[1m^^^^^^^^^^^^^[0m
[31m[1m>[0m [90m 7 |[0m   [33mFileText[0m, 
  [90m   |[0m [31m[1m^^^^^^^^^^^^[0m
[31m[1m>[0m [90m 8 |[0m   [33mInstagram[0m, 
  [90m   |[0m [31m[1m^^^^^^^^^^^^^[0m
[31m[1m>[0m [90m 9 |[0m   [33mFacebook[0m, 
  [90m   |[0m [31m[1m^^^^^^^^^^^^[0m
[31m[1m>[0m [90m10 |[0m   [33mTwitter[0m, 
  [90m   |[0m [31m[1m^^^^^^^^^^^[0m
[31m[1m>[0m [90m11 |[0m   [33mLinkedin[0m,
  [90m   |[0m [31m[1m^^^^^^^^^^^[0m
[31m[1m>[0m [90m12 |[0m   [33mMail[0m,
  [90m   |[0m [31m[1m^^^^^^^[0m
[31m[1m>[0m [90m13 |[0m   [33mZap[0m,
  [90m   |[0m [31m[1m^^^^^^[0m
[31m[1m>[0m [90m14 |[0m   [33mCopy[0m,
  [90m   |[0m [31m[1m^^^^^^^[0m
[31m[1m>[0m [90m15 |[0m   [33mCheck[0m,
  [90m   |[0m [31m[1m^^^^^^^^[0m
[31m[1m>[0m [90m16 |[0m   [33mRefreshCw[0m,
  [90m   |[0m [31m[1m^^^^^^^^^^^^[0m
[31m[1m>[0m [90m17 |[0m   [33mSave[0m,
  [90m   |[0m [31m[1m^^^^^^^[0m
[31m[1m>[0m [90m18 |[0m   [33mSend[0m
  [90m   |[0m [31m[1m^^^^^^[0m
[31m[1m>[0m [90m19 |[0m } [36mfrom[0m 
[32m"lucide-react"[0m;
  [90m   |[0m [31m[1m^^^^^^^^^^^^^^^^^^^^^^[0m
  [90m20 |[0m [36mimport[0m { [33mCard[0m, 
[33mCardContent[0m, [33mCardHeader[0m, 
[33mCardTitle[0m, [33mCardDescription[0m } 
[36mfrom[0m [32m"@/components/ui...[0m
  [90m21 |[0m [36mimport[0m { [33mButton[0m } 
[36mfrom[0m [32m"@/components/ui/button"[0m;
  [90m22 |[0m [36mimport[0m { [33mBadge[0m } 
[36mfrom[0m [32m"@/components/ui/badge"[0m;

The export Facebook was not found in module [project]/
node_modules/lucide-react/dist/esm/lucide-react.js 
[app-client] (ecmascript).
Did you mean to import Webhook?
All exports of the module are statically known (It 
doesn't have dynamic exports). So it's known 
statically that the requested export doesn't exist.

Import traces:
  Client Component Browser:
    
./src/components/admin/marketing/ContentGenerator.tsx 
[Client Component Browser]
    ./src/app/admin/marketing/page.tsx [Client 
Component Browser]
    ./src/app/admin/marketing/page.tsx [Server 
Component]

  Client Component SSR:
    
./src/components/admin/marketing/ContentGenerator.tsx 
[Client Component SSR]
    ./src/app/admin/marketing/page.tsx [Client 
Component SSR]
    ./src/app/admin/marketing/page.tsx [Server 
Component]


./src/components/admin/marketing/ContentGenerator.tsx:
5:1
Export Facebook doesn't exist in target module
  [90m 3 |[0m [36mimport[0m { useState } 
[36mfrom[0m [32m"react"[0m;
  [90m 4 |[0m [36mimport[0m { motion } 
[36mfrom[0m [32m"framer-motion"[0m;
[31m[1m>[0m [90m 5 |[0m [36mimport[0m { 
  [90m   |[0m [31m[1m^^^^^^^^[0m
[31m[1m>[0m [90m 6 |[0m   [33mLightbulb[0m, 
  [90m   |[0m [31m[1m^^^^^^^^^^^^^[0m
[31m[1m>[0m [90m 7 |[0m   [33mFileText[0m, 
  [90m   |[0m [31m[1m^^^^^^^^^^^^[0m
[31m[1m>[0m [90m 8 |[0m   [33mInstagram[0m, 
  [90m   |[0m [31m[1m^^^^^^^^^^^^^[0m
[31m[1m>[0m [90m 9 |[0m   [33mFacebook[0m, 
  [90m   |[0m [31m[1m^^^^^^^^^^^^[0m
[31m[1m>[0m [90m10 |[0m   [33mTwitter[0m, 
  [90m   |[0m [31m[1m^^^^^^^^^^^[0m
[31m[1m>[0m [90m11 |[0m   [33mLinkedin[0m,
  [90m   |[0m [31m[1m^^^^^^^^^^^[0m
[31m[1m>[0m [90m12 |[0m   [33mMail[0m,
  [90m   |[0m [31m[1m^^^^^^^[0m
[31m[1m>[0m [90m13 |[0m   [33mZap[0m,
  [90m   |[0m [31m[1m^^^^^^[0m
[31m[1m>[0m [90m14 |[0m   [33mCopy[0m,
  [90m   |[0m [31m[1m^^^^^^^[0m
[31m[1m>[0m [90m15 |[0m   [33mCheck[0m,
  [90m   |[0m [31m[1m^^^^^^^^[0m
[31m[1m>[0m [90m16 |[0m   [33mRefreshCw[0m,
  [90m   |[0m [31m[1m^^^^^^^^^^^^[0m
[31m[1m>[0m [90m17 |[0m   [33mSave[0m,
  [90m   |[0m [31m[1m^^^^^^^[0m
[31m[1m>[0m [90m18 |[0m   [33mSend[0m
  [90m   |[0m [31m[1m^^^^^^[0m
[31m[1m>[0m [90m19 |[0m } [36mfrom[0m 
[32m"lucide-react"[0m;
  [90m   |[0m [31m[1m^^^^^^^^^^^^^^^^^^^^^^[0m
  [90m20 |[0m [36mimport[0m { [33mCard[0m, 
[33mCardContent[0m, [33mCardHeader[0m, 
[33mCardTitle[0m, [33mCardDescription[0m } 
[36mfrom[0m [32m"@/components/ui...[0m
  [90m21 |[0m [36mimport[0m { [33mButton[0m } 
[36mfrom[0m [32m"@/components/ui/button"[0m;
  [90m22 |[0m [36mimport[0m { [33mBadge[0m } 
[36mfrom[0m [32m"@/components/ui/badge"[0m;

The export Facebook was not found in module [project]/
node_modules/lucide-react/dist/esm/lucide-react.js 
[app-ssr] (ecmascript).
Did you mean to import Webhook?
All exports of the module are statically known (It 
doesn't have dynamic exports). So it's known 
statically that the requested export doesn't exist.

Import traces:
  Client Component Browser:
    
./src/components/admin/marketing/ContentGenerator.tsx 
[Client Component Browser]
    ./src/app/admin/marketing/page.tsx [Client 
Component Browser]
    ./src/app/admin/marketing/page.tsx [Server 
Component]

  Client Component SSR:
    
./src/components/admin/marketing/ContentGenerator.tsx 
[Client Component SSR]
    ./src/app/admin/marketing/page.tsx [Client 
Component SSR]
    ./src/app/admin/marketing/page.tsx [Server 
Component]


./src/components/admin/marketing/ContentGenerator.tsx:
5:1
Export Instagram doesn't exist in target module
  [90m 3 |[0m [36mimport[0m { useState } 
[36mfrom[0m [32m"react"[0m;
  [90m 4 |[0m [36mimport[0m { motion } 
[36mfrom[0m [32m"framer-motion"[0m;
[31m[1m>[0m [90m 5 |[0m [36mimport[0m { 
  [90m   |[0m [31m[1m^^^^^^^^[0m
[31m[1m>[0m [90m 6 |[0m   [33mLightbulb[0m, 
  [90m   |[0m [31m[1m^^^^^^^^^^^^^[0m
[31m[1m>[0m [90m 7 |[0m   [33mFileText[0m, 
  [90m   |[0m [31m[1m^^^^^^^^^^^^[0m
[31m[1m>[0m [90m 8 |[0m   [33mInstagram[0m, 
  [90m   |[0m [31m[1m^^^^^^^^^^^^^[0m
[31m[1m>[0m [90m 9 |[0m   [33mFacebook[0m, 
  [90m   |[0m [31m[1m^^^^^^^^^^^^[0m
[31m[1m>[0m [90m10 |[0m   [33mTwitter[0m, 
  [90m   |[0m [31m[1m^^^^^^^^^^^[0m
[31m[1m>[0m [90m11 |[0m   [33mLinkedin[0m,
  [90m   |[0m [31m[1m^^^^^^^^^^^[0m
[31m[1m>[0m [90m12 |[0m   [33mMail[0m,
  [90m   |[0m [31m[1m^^^^^^^[0m
[31m[1m>[0m [90m13 |[0m   [33mZap[0m,
  [90m   |[0m [31m[1m^^^^^^[0m
[31m[1m>[0m [90m14 |[0m   [33mCopy[0m,
  [90m   |[0m [31m[1m^^^^^^^[0m
[31m[1m>[0m [90m15 |[0m   [33mCheck[0m,
  [90m   |[0m [31m[1m^^^^^^^^[0m
[31m[1m>[0m [90m16 |[0m   [33mRefreshCw[0m,
  [90m   |[0m [31m[1m^^^^^^^^^^^^[0m
[31m[1m>[0m [90m17 |[0m   [33mSave[0m,
  [90m   |[0m [31m[1m^^^^^^^[0m
[31m[1m>[0m [90m18 |[0m   [33mSend[0m
  [90m   |[0m [31m[1m^^^^^^[0m
[31m[1m>[0m [90m19 |[0m } [36mfrom[0m 
[32m"lucide-react"[0m;
  [90m   |[0m [31m[1m^^^^^^^^^^^^^^^^^^^^^^[0m
  [90m20 |[0m [36mimport[0m { [33mCard[0m, 
[33mCardContent[0m, [33mCardHeader[0m, 
[33mCardTitle[0m, [33mCardDescription[0m } 
[36mfrom[0m [32m"@/components/ui...[0m
  [90m21 |[0m [36mimport[0m { [33mButton[0m } 
[36mfrom[0m [32m"@/components/ui/button"[0m;
  [90m22 |[0m [36mimport[0m { [33mBadge[0m } 
[36mfrom[0m [32m"@/components/ui/badge"[0m;

The export Instagram was not found in module [project]
/node_modules/lucide-react/dist/esm/lucide-react.js 
[app-client] (ecmascript).
Did you mean to import Star?
All exports of the module are statically known (It 
doesn't have dynamic exports). So it's known 
statically that the requested export doesn't exist.

Import traces:
  Client Component Browser:
    
./src/components/admin/marketing/ContentGenerator.tsx 
[Client Component Browser]
    ./src/app/admin/marketing/page.tsx [Client 
Component Browser]
    ./src/app/admin/marketing/page.tsx [Server 
Component]

  Client Component SSR:
    
./src/components/admin/marketing/ContentGenerator.tsx 
[Client Component SSR]
    ./src/app/admin/marketing/page.tsx [Client 
Component SSR]
    ./src/app/admin/marketing/page.tsx [Server 
Component]


./src/components/admin/marketing/ContentGenerator.tsx:
5:1
Export Instagram doesn't exist in target module
  [90m 3 |[0m [36mimport[0m { useState } 
[36mfrom[0m [32m"react"[0m;
  [90m 4 |[0m [36mimport[0m { motion } 
[36mfrom[0m [32m"framer-motion"[0m;
[31m[1m>[0m [90m 5 |[0m [36mimport[0m { 
  [90m   |[0m [31m[1m^^^^^^^^[0m
[31m[1m>[0m [90m 6 |[0m   [33mLightbulb[0m, 
  [90m   |[0m [31m[1m^^^^^^^^^^^^^[0m
[31m[1m>[0m [90m 7 |[0m   [33mFileText[0m, 
  [90m   |[0m [31m[1m^^^^^^^^^^^^[0m
[31m[1m>[0m [90m 8 |[0m   [33mInstagram[0m, 
  [90m   |[0m [31m[1m^^^^^^^^^^^^^[0m
[31m[1m>[0m [90m 9 |[0m   [33mFacebook[0m, 
  [90m   |[0m [31m[1m^^^^^^^^^^^^[0m
[31m[1m>[0m [90m10 |[0m   [33mTwitter[0m, 
  [90m   |[0m [31m[1m^^^^^^^^^^^[0m
[31m[1m>[0m [90m11 |[0m   [33mLinkedin[0m,
  [90m   |[0m [31m[1m^^^^^^^^^^^[0m
[31m[1m>[0m [90m12 |[0m   [33mMail[0m,
  [90m   |[0m [31m[1m^^^^^^^[0m
[31m[1m>[0m [90m13 |[0m   [33mZap[0m,
  [90m   |[0m [31m[1m^^^^^^[0m
[31m[1m>[0m [90m14 |[0m   [33mCopy[0m,
  [90m   |[0m [31m[1m^^^^^^^[0m
[31m[1m>[0m [90m15 |[0m   [33mCheck[0m,
  [90m   |[0m [31m[1m^^^^^^^^[0m
[31m[1m>[0m [90m16 |[0m   [33mRefreshCw[0m,
  [90m   |[0m [31m[1m^^^^^^^^^^^^[0m
[31m[1m>[0m [90m17 |[0m   [33mSave[0m,
  [90m   |[0m [31m[1m^^^^^^^[0m
[31m[1m>[0m [90m18 |[0m   [33mSend[0m
  [90m   |[0m [31m[1m^^^^^^[0m
[31m[1m>[0m [90m19 |[0m } [36mfrom[0m 
[32m"lucide-react"[0m;
  [90m   |[0m [31m[1m^^^^^^^^^^^^^^^^^^^^^^[0m
  [90m20 |[0m [36mimport[0m { [33mCard[0m, 
[33mCardContent[0m, [33mCardHeader[0m, 
[33mCardTitle[0m, [33mCardDescription[0m } 
[36mfrom[0m [32m"@/components/ui...[0m
  [90m21 |[0m [36mimport[0m { [33mButton[0m } 
[36mfrom[0m [32m"@/components/ui/button"[0m;
  [90m22 |[0m [36mimport[0m { [33mBadge[0m } 
[36mfrom[0m [32m"@/components/ui/badge"[0m;

The export Instagram was not found in module [project]
/node_modules/lucide-react/dist/esm/lucide-react.js 
[app-ssr] (ecmascript).
Did you mean to import Star?
All exports of the module are statically known (It 
doesn't have dynamic exports). So it's known 
statically that the requested export doesn't exist.

Import traces:
  Client Component Browser:
    
./src/components/admin/marketing/ContentGenerator.tsx 
[Client Component Browser]
    ./src/app/admin/marketing/page.tsx [Client 
Component Browser]
    ./src/app/admin/marketing/page.tsx [Server 
Component]

  Client Component SSR:
    
./src/components/admin/marketing/ContentGenerator.tsx 
[Client Component SSR]
    ./src/app/admin/marketing/page.tsx [Client 
Component SSR]
    ./src/app/admin/marketing/page.tsx [Server 
Component]


./src/app/about/team/page.tsx:6:1
Export Linkedin doesn't exist in target module
  [90m4 |[0m [36mimport[0m [33mImage[0m 
[36mfrom[0m [32m"next/image"[0m;
  [90m5 |[0m [36mimport[0m { motion } 
[36mfrom[0m [32m"framer-motion"[0m;
[31m[1m>[0m [90m6 |[0m [36mimport[0m { 
[33mArrowRight[0m, [33mMail[0m, [33mPhone[0m, 
[33mLinkedin[0m } [36mfrom[0m 
[32m"lucide-react"[0m;
  [90m  |[0m [31m[1m^^^^^^^^^^^^^^^^^^^^^^^^^^^^^^
^^^^^^^^^^^^^^^^^^^^^^^^^^^^^^^^^^^[0m
  [90m7 |[0m [36mimport[0m { [33mPageWrapper[0m 
} [36mfrom[0m 
[32m"@/components/layout/PageWrapper"[0m;
  [90m8 |[0m [36mimport[0m { [33mButton[0m } 
[36mfrom[0m [32m"@/components/ui/button"[0m;
  [90m9 |[0m [36mimport[0m { supabase } 
[36mfrom[0m 
[32m"@/integrations/supabase/client"[0m;

The export Linkedin was not found in module [project]/
node_modules/lucide-react/dist/esm/lucide-react.js 
[app-client] (ecmascript).
Did you mean to import Link?
All exports of the module are statically known (It 
doesn't have dynamic exports). So it's known 
statically that the requested export doesn't exist.

Import traces:
  Client Component Browser:
    ./src/app/about/team/page.tsx [Client Component 
Browser]
    ./src/app/about/team/page.tsx [Server Component]

  Client Component SSR:
    ./src/app/about/team/page.tsx [Client Component 
SSR]
    ./src/app/about/team/page.tsx [Server Component]


./src/app/about/team/page.tsx:6:1
Export Linkedin doesn't exist in target module
  [90m4 |[0m [36mimport[0m [33mImage[0m 
[36mfrom[0m [32m"next/image"[0m;
  [90m5 |[0m [36mimport[0m { motion } 
[36mfrom[0m [32m"framer-motion"[0m;
[31m[1m>[0m [90m6 |[0m [36mimport[0m { 
[33mArrowRight[0m, [33mMail[0m, [33mPhone[0m, 
[33mLinkedin[0m } [36mfrom[0m 
[32m"lucide-react"[0m;
  [90m  |[0m [31m[1m^^^^^^^^^^^^^^^^^^^^^^^^^^^^^^
^^^^^^^^^^^^^^^^^^^^^^^^^^^^^^^^^^^[0m
  [90m7 |[0m [36mimport[0m { [33mPageWrapper[0m 
} [36mfrom[0m 
[32m"@/components/layout/PageWrapper"[0m;
  [90m8 |[0m [36mimport[0m { [33mButton[0m } 
[36mfrom[0m [32m"@/components/ui/button"[0m;
  [90m9 |[0m [36mimport[0m { supabase } 
[36mfrom[0m 
[32m"@/integrations/supabase/client"[0m;

The export Linkedin was not found in module [project]/
node_modules/lucide-react/dist/esm/lucide-react.js 
[app-ssr] (ecmascript).
Did you mean to import Link?
All exports of the module are statically known (It 
doesn't have dynamic exports). So it's known 
statically that the requested export doesn't exist.

Import traces:
  Client Component Browser:
    ./src/app/about/team/page.tsx [Client Component 
Browser]
    ./src/app/about/team/page.tsx [Server Component]

  Client Component SSR:
    ./src/app/about/team/page.tsx [Client Component 
SSR]
    ./src/app/about/team/page.tsx [Server Component]


./src/components/admin/marketing/ContentGenerator.tsx:
5:1
Export Linkedin doesn't exist in target module
  [90m 3 |[0m [36mimport[0m { useState } 
[36mfrom[0m [32m"react"[0m;
  [90m 4 |[0m [36mimport[0m { motion } 
[36mfrom[0m [32m"framer-motion"[0m;
[31m[1m>[0m [90m 5 |[0m [36mimport[0m { 
  [90m   |[0m [31m[1m^^^^^^^^[0m
[31m[1m>[0m [90m 6 |[0m   [33mLightbulb[0m, 
  [90m   |[0m [31m[1m^^^^^^^^^^^^^[0m
[31m[1m>[0m [90m 7 |[0m   [33mFileText[0m, 
  [90m   |[0m [31m[1m^^^^^^^^^^^^[0m
[31m[1m>[0m [90m 8 |[0m   [33mInstagram[0m, 
  [90m   |[0m [31m[1m^^^^^^^^^^^^^[0m
[31m[1m>[0m [90m 9 |[0m   [33mFacebook[0m, 
  [90m   |[0m [31m[1m^^^^^^^^^^^^[0m
[31m[1m>[0m [90m10 |[0m   [33mTwitter[0m, 
  [90m   |[0m [31m[1m^^^^^^^^^^^[0m
[31m[1m>[0m [90m11 |[0m   [33mLinkedin[0m,
  [90m   |[0m [31m[1m^^^^^^^^^^^[0m
[31m[1m>[0m [90m12 |[0m   [33mMail[0m,
  [90m   |[0m [31m[1m^^^^^^^[0m
[31m[1m>[0m [90m13 |[0m   [33mZap[0m,
  [90m   |[0m [31m[1m^^^^^^[0m
[31m[1m>[0m [90m14 |[0m   [33mCopy[0m,
  [90m   |[0m [31m[1m^^^^^^^[0m
[31m[1m>[0m [90m15 |[0m   [33mCheck[0m,
  [90m   |[0m [31m[1m^^^^^^^^[0m
[31m[1m>[0m [90m16 |[0m   [33mRefreshCw[0m,
  [90m   |[0m [31m[1m^^^^^^^^^^^^[0m
[31m[1m>[0m [90m17 |[0m   [33mSave[0m,
  [90m   |[0m [31m[1m^^^^^^^[0m
[31m[1m>[0m [90m18 |[0m   [33mSend[0m
  [90m   |[0m [31m[1m^^^^^^[0m
[31m[1m>[0m [90m19 |[0m } [36mfrom[0m 
[32m"lucide-react"[0m;
  [90m   |[0m [31m[1m^^^^^^^^^^^^^^^^^^^^^^[0m
  [90m20 |[0m [36mimport[0m { [33mCard[0m, 
[33mCardContent[0m, [33mCardHeader[0m, 
[33mCardTitle[0m, [33mCardDescription[0m } 
[36mfrom[0m [32m"@/components/ui...[0m
  [90m21 |[0m [36mimport[0m { [33mButton[0m } 
[36mfrom[0m [32m"@/components/ui/button"[0m;
  [90m22 |[0m [36mimport[0m { [33mBadge[0m } 
[36mfrom[0m [32m"@/components/ui/badge"[0m;

The export Linkedin was not found in module [project]/
node_modules/lucide-react/dist/esm/lucide-react.js 
[app-client] (ecmascript).
Did you mean to import Link?
All exports of the module are statically known (It 
doesn't have dynamic exports). So it's known 
statically that the requested export doesn't exist.

Import traces:
  Client Component Browser:
    
./src/components/admin/marketing/ContentGenerator.tsx 
[Client Component Browser]
    ./src/app/admin/marketing/page.tsx [Client 
Component Browser]
    ./src/app/admin/marketing/page.tsx [Server 
Component]

  Client Component SSR:
    
./src/components/admin/marketing/ContentGenerator.tsx 
[Client Component SSR]
    ./src/app/admin/marketing/page.tsx [Client 
Component SSR]
    ./src/app/admin/marketing/page.tsx [Server 
Component]


./src/components/admin/marketing/ContentGenerator.tsx:
5:1
Export Linkedin doesn't exist in target module
  [90m 3 |[0m [36mimport[0m { useState } 
[36mfrom[0m [32m"react"[0m;
  [90m 4 |[0m [36mimport[0m { motion } 
[36mfrom[0m [32m"framer-motion"[0m;
[31m[1m>[0m [90m 5 |[0m [36mimport[0m { 
  [90m   |[0m [31m[1m^^^^^^^^[0m
[31m[1m>[0m [90m 6 |[0m   [33mLightbulb[0m, 
  [90m   |[0m [31m[1m^^^^^^^^^^^^^[0m
[31m[1m>[0m [90m 7 |[0m   [33mFileText[0m, 
  [90m   |[0m [31m[1m^^^^^^^^^^^^[0m
[31m[1m>[0m [90m 8 |[0m   [33mInstagram[0m, 
  [90m   |[0m [31m[1m^^^^^^^^^^^^^[0m
[31m[1m>[0m [90m 9 |[0m   [33mFacebook[0m, 
  [90m   |[0m [31m[1m^^^^^^^^^^^^[0m
[31m[1m>[0m [90m10 |[0m   [33mTwitter[0m, 
  [90m   |[0m [31m[1m^^^^^^^^^^^[0m
[31m[1m>[0m [90m11 |[0m   [33mLinkedin[0m,
  [90m   |[0m [31m[1m^^^^^^^^^^^[0m
[31m[1m>[0m [90m12 |[0m   [33mMail[0m,
  [90m   |[0m [31m[1m^^^^^^^[0m
[31m[1m>[0m [90m13 |[0m   [33mZap[0m,
  [90m   |[0m [31m[1m^^^^^^[0m
[31m[1m>[0m [90m14 |[0m   [33mCopy[0m,
  [90m   |[0m [31m[1m^^^^^^^[0m
[31m[1m>[0m [90m15 |[0m   [33mCheck[0m,
  [90m   |[0m [31m[1m^^^^^^^^[0m
[31m[1m>[0m [90m16 |[0m   [33mRefreshCw[0m,
  [90m   |[0m [31m[1m^^^^^^^^^^^^[0m
[31m[1m>[0m [90m17 |[0m   [33mSave[0m,
  [90m   |[0m [31m[1m^^^^^^^[0m
[31m[1m>[0m [90m18 |[0m   [33mSend[0m
  [90m   |[0m [31m[1m^^^^^^[0m
[31m[1m>[0m [90m19 |[0m } [36mfrom[0m 
[32m"lucide-react"[0m;
  [90m   |[0m [31m[1m^^^^^^^^^^^^^^^^^^^^^^[0m
  [90m20 |[0m [36mimport[0m { [33mCard[0m, 
[33mCardContent[0m, [33mCardHeader[0m, 
[33mCardTitle[0m, [33mCardDescription[0m } 
[36mfrom[0m [32m"@/components/ui...[0m
  [90m21 |[0m [36mimport[0m { [33mButton[0m } 
[36mfrom[0m [32m"@/components/ui/button"[0m;
  [90m22 |[0m [36mimport[0m { [33mBadge[0m } 
[36mfrom[0m [32m"@/components/ui/badge"[0m;

The export Linkedin was not found in module [project]/
node_modules/lucide-react/dist/esm/lucide-react.js 
[app-ssr] (ecmascript).
Did you mean to import Link?
All exports of the module are statically known (It 
doesn't have dynamic exports). So it's known 
statically that the requested export doesn't exist.

Import traces:
  Client Component Browser:
    
./src/components/admin/marketing/ContentGenerator.tsx 
[Client Component Browser]
    ./src/app/admin/marketing/page.tsx [Client 
Component Browser]
    ./src/app/admin/marketing/page.tsx [Server 
Component]

  Client Component SSR:
    
./src/components/admin/marketing/ContentGenerator.tsx 
[Client Component SSR]
    ./src/app/admin/marketing/page.tsx [Client 
Component SSR]
    ./src/app/admin/marketing/page.tsx [Server 
Component]


./src/components/admin/marketing/ContentGenerator.tsx:
5:1
Export Twitter doesn't exist in target module
  [90m 3 |[0m [36mimport[0m { useState } 
[36mfrom[0m [32m"react"[0m;
  [90m 4 |[0m [36mimport[0m { motion } 
[36mfrom[0m [32m"framer-motion"[0m;
[31m[1m>[0m [90m 5 |[0m [36mimport[0m { 
  [90m   |[0m [31m[1m^^^^^^^^[0m
[31m[1m>[0m [90m 6 |[0m   [33mLightbulb[0m, 
  [90m   |[0m [31m[1m^^^^^^^^^^^^^[0m
[31m[1m>[0m [90m 7 |[0m   [33mFileText[0m, 
  [90m   |[0m [31m[1m^^^^^^^^^^^^[0m
[31m[1m>[0m [90m 8 |[0m   [33mInstagram[0m, 
  [90m   |[0m [31m[1m^^^^^^^^^^^^^[0m
[31m[1m>[0m [90m 9 |[0m   [33mFacebook[0m, 
  [90m   |[0m [31m[1m^^^^^^^^^^^^[0m
[31m[1m>[0m [90m10 |[0m   [33mTwitter[0m, 
  [90m   |[0m [31m[1m^^^^^^^^^^^[0m
[31m[1m>[0m [90m11 |[0m   [33mLinkedin[0m,
  [90m   |[0m [31m[1m^^^^^^^^^^^[0m
[31m[1m>[0m [90m12 |[0m   [33mMail[0m,
  [90m   |[0m [31m[1m^^^^^^^[0m
[31m[1m>[0m [90m13 |[0m   [33mZap[0m,
  [90m   |[0m [31m[1m^^^^^^[0m
[31m[1m>[0m [90m14 |[0m   [33mCopy[0m,
  [90m   |[0m [31m[1m^^^^^^^[0m
[31m[1m>[0m [90m15 |[0m   [33mCheck[0m,
  [90m   |[0m [31m[1m^^^^^^^^[0m
[31m[1m>[0m [90m16 |[0m   [33mRefreshCw[0m,
  [90m   |[0m [31m[1m^^^^^^^^^^^^[0m
[31m[1m>[0m [90m17 |[0m   [33mSave[0m,
  [90m   |[0m [31m[1m^^^^^^^[0m
[31m[1m>[0m [90m18 |[0m   [33mSend[0m
  [90m   |[0m [31m[1m^^^^^^[0m
[31m[1m>[0m [90m19 |[0m } [36mfrom[0m 
[32m"lucide-react"[0m;
  [90m   |[0m [31m[1m^^^^^^^^^^^^^^^^^^^^^^[0m
  [90m20 |[0m [36mimport[0m { [33mCard[0m, 
[33mCardContent[0m, [33mCardHeader[0m, 
[33mCardTitle[0m, [33mCardDescription[0m } 
[36mfrom[0m [32m"@/components/ui...[0m
  [90m21 |[0m [36mimport[0m { [33mButton[0m } 
[36mfrom[0m [32m"@/components/ui/button"[0m;
  [90m22 |[0m [36mimport[0m { [33mBadge[0m } 
[36mfrom[0m [32m"@/components/ui/badge"[0m;

The export Twitter was not found in module [project]/n
ode_modules/lucide-react/dist/esm/lucide-react.js 
[app-client] (ecmascript).
Did you mean to import Timer?
All exports of the module are statically known (It 
doesn't have dynamic exports). So it's known 
statically that the requested export doesn't exist.

Import traces:
  Client Component Browser:
    
./src/components/admin/marketing/ContentGenerator.tsx 
[Client Component Browser]
    ./src/app/admin/marketing/page.tsx [Client 
Component Browser]
    ./src/app/admin/marketing/page.tsx [Server 
Component]

  Client Component SSR:
    
./src/components/admin/marketing/ContentGenerator.tsx 
[Client Component SSR]
    ./src/app/admin/marketing/page.tsx [Client 
Component SSR]
    ./src/app/admin/marketing/page.tsx [Server 
Component]


./src/components/admin/marketing/ContentGenerator.tsx:
5:1
Export Twitter doesn't exist in target module
  [90m 3 |[0m [36mimport[0m { useState } 
[36mfrom[0m [32m"react"[0m;
  [90m 4 |[0m [36mimport[0m { motion } 
[36mfrom[0m [32m"framer-motion"[0m;
[31m[1m>[0m [90m 5 |[0m [36mimport[0m { 
  [90m   |[0m [31m[1m^^^^^^^^[0m
[31m[1m>[0m [90m 6 |[0m   [33mLightbulb[0m, 
  [90m   |[0m [31m[1m^^^^^^^^^^^^^[0m
[31m[1m>[0m [90m 7 |[0m   [33mFileText[0m, 
  [90m   |[0m [31m[1m^^^^^^^^^^^^[0m
[31m[1m>[0m [90m 8 |[0m   [33mInstagram[0m, 
  [90m   |[0m [31m[1m^^^^^^^^^^^^^[0m
[31m[1m>[0m [90m 9 |[0m   [33mFacebook[0m, 
  [90m   |[0m [31m[1m^^^^^^^^^^^^[0m
[31m[1m>[0m [90m10 |[0m   [33mTwitter[0m, 
  [90m   |[0m [31m[1m^^^^^^^^^^^[0m
[31m[1m>[0m [90m11 |[0m   [33mLinkedin[0m,
  [90m   |[0m [31m[1m^^^^^^^^^^^[0m
[31m[1m>[0m [90m12 |[0m   [33mMail[0m,
  [90m   |[0m [31m[1m^^^^^^^[0m
[31m[1m>[0m [90m13 |[0m   [33mZap[0m,
  [90m   |[0m [31m[1m^^^^^^[0m
[31m[1m>[0m [90m14 |[0m   [33mCopy[0m,
  [90m   |[0m [31m[1m^^^^^^^[0m
[31m[1m>[0m [90m15 |[0m   [33mCheck[0m,
  [90m   |[0m [31m[1m^^^^^^^^[0m
[31m[1m>[0m [90m16 |[0m   [33mRefreshCw[0m,
  [90m   |[0m [31m[1m^^^^^^^^^^^^[0m
[31m[1m>[0m [90m17 |[0m   [33mSave[0m,
  [90m   |[0m [31m[1m^^^^^^^[0m
[31m[1m>[0m [90m18 |[0m   [33mSend[0m
  [90m   |[0m [31m[1m^^^^^^[0m
[31m[1m>[0m [90m19 |[0m } [36mfrom[0m 
[32m"lucide-react"[0m;
  [90m   |[0m [31m[1m^^^^^^^^^^^^^^^^^^^^^^[0m
  [90m20 |[0m [36mimport[0m { [33mCard[0m, 
[33mCardContent[0m, [33mCardHeader[0m, 
[33mCardTitle[0m, [33mCardDescription[0m } 
[36mfrom[0m [32m"@/components/ui...[0m
  [90m21 |[0m [36mimport[0m { [33mButton[0m } 
[36mfrom[0m [32m"@/components/ui/button"[0m;
  [90m22 |[0m [36mimport[0m { [33mBadge[0m } 
[36mfrom[0m [32m"@/components/ui/badge"[0m;

The export Twitter was not found in module [project]/n
ode_modules/lucide-react/dist/esm/lucide-react.js 
[app-ssr] (ecmascript).
Did you mean to import Timer?
All exports of the module are statically known (It 
doesn't have dynamic exports). So it's known 
statically that the requested export doesn't exist.

Import traces:
  Client Component Browser:
    
./src/components/admin/marketing/ContentGenerator.tsx 
[Client Component Browser]
    ./src/app/admin/marketing/page.tsx [Client 
Component Browser]
    ./src/app/admin/marketing/page.tsx [Server 
Component]

  Client Component SSR:
    
./src/components/admin/marketing/ContentGenerator.tsx 
[Client Component SSR]
    ./src/app/admin/marketing/page.tsx [Client 
Component SSR]
    ./src/app/admin/marketing/page.tsx [Server 
Component]


    at <unknown> 
(./src/components/ui/accordion.tsx:2:1)
    at <unknown> 
(https://nextjs.org/docs/messages/module-not-found)
    at <unknown> 
(./src/components/ui/dropdown-menu.tsx:2:1)
    at <unknown> 
(https://nextjs.org/docs/messages/module-not-found)
    at <unknown> (./src/components/ui/label.tsx:2:1)
    at <unknown> 
(https://nextjs.org/docs/messages/module-not-found)
    at <unknown> (./src/components/ui/popover.tsx:2:1)
    at <unknown> 
(https://nextjs.org/docs/messages/module-not-found)
    at <unknown> 
(./src/components/ui/progress.tsx:2:1)
    at <unknown> 
(https://nextjs.org/docs/messages/module-not-found)
    at <unknown> (./src/components/ui/select.tsx:2:1)
    at <unknown> 
(https://nextjs.org/docs/messages/module-not-found)
    at <unknown> (./src/components/ui/slider.tsx:2:1)
    at <unknown> 
(https://nextjs.org/docs/messages/module-not-found)
    at <unknown> (./src/components/ui/switch.tsx:2:1)
    at <unknown> 
(https://nextjs.org/docs/messages/module-not-found)
    at <unknown> (./src/components/ui/tabs.tsx:2:1)
    at <unknown> 
(https://nextjs.org/docs/messages/module-not-found)
    at <unknown> 
(./src/components/ui/calendar.tsx:3:1)
    at <unknown> 
(https://nextjs.org/docs/messages/module-not-found)
    at <unknown> (./src/components/admin/marketing/Con
tentGenerator.tsx:5:1)
    ... collapsed 3 duplicate lines matching above 1 
lines 3 times...
    at <unknown> (./src/app/about/team/page.tsx:6:1)
    at <unknown> (./src/app/about/team/page.tsx:6:1)
    at <unknown> (./src/components/admin/marketing/Con
tentGenerator.tsx:5:1)
    ... collapsed 3 duplicate lines matching above 1 
lines 3 times...
